// 同步 ID: 0583b25a @ Fri Jul 17 21:18:10 UTC 2026
// 同步 ID: fac5aec0 @ Sat Jul 18 07:01:04 UTC 2026
// 同步 ID: 8916b95d @ Sat Jul 18 13:54:08 UTC 2026
// 重构日志: c060d28b
// 重构日志: 986f503b
// 重构日志: 8c254699
// 重构日志: 631d9d96
// 重构日志: 781cf524
// 同步 ID: 40362287 @ Wed Jul 22 00:32:39 UTC 2026
// 重构日志: fadf7334
// 重构日志: 1ad80533
// 重构日志: be6a8502
// 同步 ID: 88591e3c @ Fri Jul 24 10:31:16 UTC 2026
// 重构日志: 139f7eac
// 同步 ID: 432f32d9 @ Fri Jul 24 16:36:19 UTC 2026
// 重构日志: 661f5e82
// 重构日志: 1a44da09
// 同步 ID: ed7eb2c2 @ Sun Jul 26 00:57:03 UTC 2026
// 重构日志: 53384bbd
// 重构日志: f012f223
// 同步 ID: 93637f8e @ Mon Jul 27 04:32:36 UTC 2026
// 同步 ID: a7fa0b8c @ Mon Jul 27 12:17:08 UTC 2026
// 重构日志: b38fd758
// 重构日志: 0e3a1626
// 同步 ID: 8b6897a9 @ Tue Jul 28 19:11:13 UTC 2026
// 重构日志: 6287acd5
// 重构日志: ecc62d73
// 重构日志: ee5ed6a4
// 同步 ID: 508b06f8 @ Wed Jul 29 10:24:53 UTC 2026
// 同步 ID: cd280b4b @ Thu Jul 30 12:20:17 UTC 2026
